[roadsunwound.com/index.html]
[backblue.gif]
[fade.gif]
[index.html]
[roadsunwound.com/wp-content/themes/modularity/style.css]
[roadsunwound.com/wp-content/themes/modularity/styles/print.css]
[roadsunwound.com/xmlrpc.php]
[roadsunwound.com/feed/index.html]
[roadsunwound.com/wp-content/plugins/shashin/public/display/fancybox/jquery.fancyboxc412.css]
[roadsunwound.com/wp-content/plugins/shashin/public/display/shashin35af.css]
[roadsunwound.com/wp-includes/js/jquery/jquery-migrate.min330a.js]
[roadsunwound.com/wp-includes/js/jquery/jqueryb8ff.js]
[roadsunwound.com/wp-content/themes/modularity/includes/js/nav/superfish9440.js]
[roadsunwound.com/wp-content/themes/modularity/includes/js/jquery-ui-1.7.2.custom.min9440.js]
[roadsunwound.com/wp-content/themes/modularity/includes/js/nav/supersubs9440.js]
[roadsunwound.com/wp-content/themes/modularity/includes/js/search9440.js]
[roadsunwound.com/wp-includes/js/swfobjecteb77.js]
[roadsunwound.com/wp-content/themes/modularity/includes/js/jquery.cycle9440.js]
[roadsunwound.com/wp-content/plugins/shashin/public/display/fancybox/jquery.fancyboxc412.js]
[roadsunwound.com/xmlrpc0db0.php]
[roadsunwound.com/wp-includes/wlwmanifest.xml]
[roadsunwound.com/wp-content/themes/modularity/custom.css]
[roadsunwound.com/wp-json/index.html]
[roadsunwound.com/wp-content/uploads/2012/02/Calendar-1.jpg]
[roadsunwound.com/wp-content/uploads/2012/07/Pipeline1.jpg]
[roadsunwound.com/category/biking/alaska/index.html]
[roadsunwound.com/wp-content/uploads/2012/07/Arctic-Coastal-Plane1.jpg]
[roadsunwound.com/category/biking/index.html]
[roadsunwound.com/wp-content/uploads/2012/02/DSC_00501.jpg]
[roadsunwound.com/wp-content/uploads/2012/07/IMG_21721.jpg]
[roadsunwound.com/wp-content/plugins/shashin/public/display/fancybox/closelabel.gif]
[roadsunwound.com/wp-content/uploads/2012/07/Announcement-500x250.jpg]
[roadsunwound.com/wp-content/plugins/shashin/public/display/jquery.imagesloaded.min35af.js]
[roadsunwound.com/wp-content/plugins/shashin/public/display/trunk835af.js]
[roadsunwound.com/wp-content/plugins/shashin/public/display/shashin35af.js]
[roadsunwound.com/wp-includes/js/wp-embed.min9440.js]
[roadsunwound.com/index.html]
[roadsunwound.com/category/biking/canada/index.html]
[roadsunwound.com/wp-content/themes/modularity/styles/screen.css]
[roadsunwound.com/wp-content/themes/modularity/styles/nav.css]
[roadsunwound.com/wp-content/themes/modularity/images/li.png]
[roadsunwound.com/wp-content/themes/modularity/images/li-white.png]
[roadsunwound.com/wp-content/themes/modularity/images/double-border.png]
[roadsunwound.com/wp-content/themes/modularity/images/search.png]
[roadsunwound.com/wp-content/themes/modularity/images/search_hover.png]
[roadsunwound.com/wp-content/themes/modularity/images/product-arrows.png]
[roadsunwound.com/category/biking/central-america-and-the-yucatan/index.html]
[roadsunwound.com/wp-content/themes/modularity/images/button.png]
[roadsunwound.com/wp-content/themes/modularity/style.css]
[roadsunwound.com/category/biking/cuba/index.html]
[roadsunwound.com/wp-content/themes/modularity/styles/print.css]
[roadsunwound.com/category/biking/united-states-great-divide/index.html]
[roadsunwound.com/xmlrpc.php]
[roadsunwound.com/category/biking/united-states-west-coast/index.html]
[roadsunwound.com/wp-content/plugins/share-this/css/style9440.css]
[roadsunwound.com/wp-content/plugins/shashin/public/display/fancybox/fancybox.png]
[roadsunwound.com/category/essays/index.html]
[roadsunwound.com/wp-content/plugins/shashin/public/display/fancybox/blank.gif]
[roadsunwound.com/wp-content/plugins/shashin/public/display/fancybox/fancybox-x.png]
[roadsunwound.com/wp-content/plugins/shashin/public/display/fancybox/fancybox-y.png]
[roadsunwound.com/wp-content/plugins/shashin/public/display/fancybox/fancy_title_over.png]
[roadsunwound.com/category/miscellaneous/index.html]
[roadsunwound.com/wp-content/plugins/shashin/public/display/fancybox/fancybox/fancy_close.png]
[roadsunwound.com/category/miscellaneous/calendar/index.html]
[roadsunwound.com/category/off-the-bike/index.html]
[roadsunwound.com/wp-content/plugins/shashin/public/display/fancybox/fancybox/fancy_nav_left.2c.delayed]
[roadsunwound.com/category/preparation/index.html]
[roadsunwound.com/category/uncategorized/index.html]
[roadsunwound.com/wp-content/plugins/shashin/public/display/fancybox/fancybox/fancy_nav_right.2d.delayed]
[roadsunwound.com/about/index.html]
[roadsunwound.com/trip-photos/index.html]
[roadsunwound.com/wp-content/plugins/shashin/public/display/fancybox/fancybox/fancy_title_over.2e.delayed]
[roadsunwound.com/comments/feed/index.html]
[roadsunwound.com/gear-list/index.html]
[roadsunwound.com/2012/07/29/my-show-in-gallatin-gateway-landscape-and-experience/index.html]
[roadsunwound.com/wp-content/plugins/shashin/public/display/fancybox/fancybox/fancy_title_left.png]
[roadsunwound.com/2012/07/12/720/index.html]
[roadsunwound.com/2012/07/12/720/announcement/index.html]
[roadsunwound.com/2012/05/29/coming-in-hot-but-buffeted-by-snow/index.html]
[roadsunwound.com/wp-content/plugins/shashin/public/display/fancybox/fancybox/fancy_title_main.30.delayed]
[roadsunwound.com/2012/05/11/a-recurring-theme-brings-an-end-to-the-trip/index.html]
[roadsunwound.com/2012/05/09/sweltered-by-the-sun-buoyed-by-the-beach/index.html]
[roadsunwound.com/wp-content/plugins/shashin/public/display/fancybox/fancybox/fancy_title_right.31.delayed]
[roadsunwound.com/links-and-the-misc/index.html]
[roadsunwound.com/sponsors/index.html]
[roadsunwound.com/2012/07/index.html]
[roadsunwound.com/wp-content/plugins/shashin/public/display/fancybox/fancybox/fancy_loading.32.delayed]
[roadsunwound.com/2012/05/index.html]
[roadsunwound.com/2012/04/index.html]
[roadsunwound.com/2012/03/index.html]
[roadsunwound.com/wp-content/plugins/shashin/public/display/fancybox/fancybox/fancy_shadow_n.png]
[roadsunwound.com/2012/02/index.html]
[roadsunwound.com/2012/01/index.html]
[roadsunwound.com/2011/12/index.html]
[roadsunwound.com/wp-content/plugins/shashin/public/display/fancybox/fancybox/fancy_shadow_ne.png]
[roadsunwound.com/2011/11/index.html]
[roadsunwound.com/2011/10/index.html]
[roadsunwound.com/wp-content/plugins/shashin/public/display/fancybox/fancybox/fancy_shadow_e.png]
[roadsunwound.com/2011/08/index.html]
[roadsunwound.com/2011/06/index.html]
[roadsunwound.com/2011/05/index.html]
[roadsunwound.com/2011/03/index.html]
[roadsunwound.com/2011/02/index.html]
[roadsunwound.com/wp-content/plugins/shashin/public/display/fancybox/fancybox/fancy_shadow_se.36.delayed]
[roadsunwound.com/2011/01/index.html]
[roadsunwound.com/2010/12/index.html]
[roadsunwound.com/2010/10/index.html]
[roadsunwound.com/2010/11/index.html]
[roadsunwound.com/wp-content/plugins/shashin/public/display/fancybox/fancybox/fancy_shadow_s.png]
[roadsunwound.com/2010/09/index.html]
[roadsunwound.com/2010/08/index.html]
[roadsunwound.com/2010/06/index.html]
[roadsunwound.com/2010/07/index.html]
[roadsunwound.com/wp-content/plugins/shashin/public/display/fancybox/fancybox/fancy_shadow_sw.png]
[roadsunwound.com/2010/05/index.html]
[roadsunwound.com/2010/02/index.html]
[roadsunwound.com/2010/03/index.html]
[roadsunwound.com/2010/04/index.html]
[roadsunwound.com/wp-content/plugins/shashin/public/display/fancybox/fancybox/fancy_shadow_w.png]
[roadsunwound.com/wp-content/plugins/shashin/public/display/fancybox/fancybox/fancy_shadow_nw.png]
[roadsunwound.com/wp-content/plugins/shashin/public/display/fancybox/jquery.fancyboxc412.css]
[roadsunwound.com/wp-content/plugins/shashin/public/display/shashin35af.css]
[roadsunwound.com/wp-content/themes/modularity/custom.css]
[roadsunwound.com/wp-content/uploads/2012/04/IMG_2046-150x150.jpg]
[roadsunwound.com/category/biking/index.html]
[roadsunwound.com/category/biking/feed/index.html]
[roadsunwound.com/2012/04/26/one-week-guatemala-to-nicaragua/index.html]
[roadsunwound.com/2012/04/18/a-return-to-the-road/index.html]
[roadsunwound.com/2011/12/23/maps-paint-poor-pictures/index.html]
[roadsunwound.com/wp-content/uploads/2010/08/IMG_0140-1-150x150.jpg]
[roadsunwound.com/category/biking/alaska/index.html]
[roadsunwound.com/2011/12/13/guatemala-chapter-1/index.html]
[roadsunwound.com/category/biking/canada/index.html]
[roadsunwound.com/tag/guatemala/index.html]
[roadsunwound.com/category/biking/central-america-and-the-yucatan/index.html]
[roadsunwound.com/2011/12/03/snapshots-of-mexico/index.html]
[roadsunwound.com/category/biking/cuba/index.html]
[roadsunwound.com/category/biking/united-states-great-divide/index.html]
[roadsunwound.com/2011/11/25/sights-of-the-yucatan/index.html]
[roadsunwound.com/category/biking/united-states-west-coast/index.html]
[roadsunwound.com/2011/11/16/ready-set-restart/index.html]
[roadsunwound.com/2011/11/13/cuba/index.html]
[roadsunwound.com/wp-content/uploads/2012/04/IMG_2153-150x150.jpg]
[roadsunwound.com/2011/08/10/high-time-in-the-rockies/index.html]
[roadsunwound.com/wp-content/uploads/2010/12/Grappling-150x150.jpg]
[roadsunwound.com/2011/01/19/california-dreaming/index.html]
[roadsunwound.com/wp-content/uploads/2010/11/Arctic-circle-150x150.jpg]
[roadsunwound.com/wp-content/uploads/2010/10/Pondering-150x150.jpg]
[roadsunwound.com/2010/12/11/swimming-through-cali/index.html]
[roadsunwound.com/category/essays/index.html]
[roadsunwound.com/2010/10/25/beginning-anew/index.html]
[roadsunwound.com/2010/10/08/connections/index.html]
[roadsunwound.com/2010/10/07/smithers-to-banff-day-52-70/index.html]
[roadsunwound.com/wp-content/uploads/2010/12/Calendar-150x150.jpg]
[roadsunwound.com/category/miscellaneous/index.html]
[roadsunwound.com/2010/09/27/once-in-a-lifetime/index.html]
[roadsunwound.com/category/miscellaneous/calendar/index.html]
[roadsunwound.com/2010/09/24/route-deviation/index.html]
[roadsunwound.com/wp-content/uploads/2012/02/DSC_0064-e1329064955539-150x150.jpg]
[roadsunwound.com/2010/09/19/stories/index.html]
[roadsunwound.com/category/off-the-bike/index.html]
[roadsunwound.com/category/preparation/index.html]
[roadsunwound.com/2010/09/18/the-challenge-rewarded/index.html]
[roadsunwound.com/2010/09/17/why/index.html]
[roadsunwound.com/2010/09/11/a-biking-vacation/index.html]
[roadsunwound.com/wp-content/uploads/2012/07/Announcement-150x150.jpg]
[roadsunwound.com/2010/08/25/whitehorse-yukon/index.html]
[roadsunwound.com/wp-content/uploads/2012/03/IMG_1760-150x150.jpg]
[roadsunwound.com/2010/08/23/haines-junction-two-days-more-to-whitehorse/index.html]
[roadsunwound.com/2010/08/20/a-change-of-weather-countries/index.html]
[roadsunwound.com/category/biking/alaska/feed/index.html]
[roadsunwound.com/wp-content/uploads/2012/02/DSC_0021-150x150.jpg]
[roadsunwound.com/category/biking/page/2/index.html]
[roadsunwound.com/2010/08/17/tok-alaska/index.html]
[roadsunwound.com/wp-content/uploads/2011/01/Sola-Announcement-150x150.jpg]
[roadsunwound.com/2010/08/13/a-fresh-look-at-the-dalton-hwy/index.html]
[roadsunwound.com/category/uncategorized/index.html]
[roadsunwound.com/category/biking/canada/feed/index.html]
[roadsunwound.com/category/biking/central-america-and-the-yucatan/feed/index.html]
[roadsunwound.com/2010/08/09/leg-one/index.html]
[roadsunwound.com/2010/08/10/one-hell-of-a-way-to-start/index.html]
[roadsunwound.com/category/biking/cuba/feed/index.html]
[roadsunwound.com/category/biking/united-states-great-divide/feed/index.html]
[roadsunwound.com/wp-json/oembed/1.0/embed0ee5.json]
[roadsunwound.com/wp-json/oembed/1.0/embed31ce]
[roadsunwound.com/wp-content/uploads/2010/02/IMG_2004-225x300.jpg]
[roadsunwound.com/wp-includes/js/comment-reply.min9440.js]
[roadsunwound.com/about/index.html]
[roadsunwound.com/category/biking/united-states-west-coast/feed/index.html]
[roadsunwound.com/wp-json/oembed/1.0/embedc6ff.json]
[roadsunwound.com/category/essays/feed/index.html]
[roadsunwound.com/wp-json/oembed/1.0/embed968e]
[roadsunwound.com/wp-content/plugins/shashin/public/display/mapped_sm.gif]
[roadsunwound.com/trip-photos/index.html]
[roadsunwound.com/2012/04/28/a-nicaraguan-sunset/index.html]
[roadsunwound.com/wp-json/oembed/1.0/embed1d01.json]
[roadsunwound.com/2010/12/21/grappling-with-reality/index.html]
[roadsunwound.com/2010/11/11/considering-risk-reward-and-overhype/index.html]
[roadsunwound.com/gear-list/index.html]
[roadsunwound.com/wp-json/oembed/1.0/embed5cc9]
[roadsunwound.com/category/miscellaneous/feed/index.html]
[roadsunwound.com/2010/10/07/false-assumptions/index.html]
[roadsunwound.com/wp-json/oembed/1.0/embedcb66.json]
[roadsunwound.com/2011/10/08/a-reunion/index.html]
[roadsunwound.com/2011/08/16/the-band-will-play-on/index.html]
[roadsunwound.com/wp-json/oembed/1.0/embed7066]
[roadsunwound.com/2011/03/01/another-great-article-supporting-biking/index.html]
[roadsunwound.com/2011/05/09/summer-plans-and-notions-of-resuming-trip/index.html]
[roadsunwound.com/2012/07/29/my-show-in-gallatin-gateway-landscape-and-experience/index.html]
[roadsunwound.com/wp-content/plugins/akismet/_inc/form6765.js]
[roadsunwound.com/2010/12/21/last-chance-for-calendars/index.html]
[roadsunwound.com/wp-json/oembed/1.0/embed3ccc.json]
[roadsunwound.com/2010/11/02/big-news-of-the-small/index.html]
[roadsunwound.com/2010/11/01/struggle-of-the-moment/index.html]
[roadsunwound.com/2010/11/16/putting-me-in-my-place/index.html]
[roadsunwound.com/wp-json/oembed/1.0/embed0db3]
[roadsunwound.com/2012/07/12/720/index.html]
[roadsunwound.com/category/miscellaneous/calendar/feed/index.html]
[roadsunwound.com/category/off-the-bike/feed/index.html]
[roadsunwound.com/2010/09/19/lessons-of-the-road-0-2000-miles/index.html]
[roadsunwound.com/2010/09/16/smithers-bc/index.html]
[roadsunwound.com/2010/10/20/ok-wait-just-a-bit-longer/index.html]
[roadsunwound.com/wp-json/oembed/1.0/embed24a1]
[roadsunwound.com/wp-json/oembed/1.0/embed5652]
[roadsunwound.com/2012/03/23/one-tree-two-tree-a-million-trees/index.html]
[roadsunwound.com/2012/03/07/my-favorite-days/index.html]
[roadsunwound.com/wp-content/uploads/2012/07/Announcement.jpg]
[roadsunwound.com/2012/07/12/720/announcement/index.html]
[roadsunwound.com/2012/02/12/a-home-away-from-home-xela/index.html]
[roadsunwound.com/2012/02/22/a-day-of-buses/index.html]
[roadsunwound.com/2012/02/07/bike-free-guatemala/index.html]
[roadsunwound.com/2012/01/06/one-day-in-xela/index.html]
[roadsunwound.com/2011/10/03/first-things-first-fast-bikes/index.html]
[roadsunwound.com/2011/10/01/close-chapter/index.html]
[roadsunwound.com/wp-json/oembed/1.0/embed0ee1.json]
[roadsunwound.com/wp-json/oembed/1.0/embed4809]
[roadsunwound.com/2012/05/29/coming-in-hot-but-buffeted-by-snow/index.html]
[roadsunwound.com/2011/08/08/first-there-was-more-work-to-be-done/index.html]
[roadsunwound.com/2011/06/20/a-time-consuming-but-worthwhile-foray-off-the-bike/index.html]
[roadsunwound.com/wp-json/oembed/1.0/embedc37b.json]
[roadsunwound.com/2011/05/01/what-am-i-doing/index.html]
[roadsunwound.com/2011/02/22/life-off-the-bike-is-not-all-bad/index.html]
[roadsunwound.com/wp-json/oembed/1.0/embedef80]
[roadsunwound.com/2012/05/11/a-recurring-theme-brings-an-end-to-the-trip/index.html]
[roadsunwound.com/category/preparation/feed/index.html]
[roadsunwound.com/2010/06/11/brief-june-update/index.html]
[roadsunwound.com/2011/10/03/let-a-new-chapter-begin/index.html]
[roadsunwound.com/wp-json/oembed/1.0/embed7f44.json]
[roadsunwound.com/2010/04/25/april-update/index.html]
[roadsunwound.com/wp-json/oembed/1.0/embeda270]
[roadsunwound.com/2012/05/09/sweltered-by-the-sun-buoyed-by-the-beach/index.html]
[roadsunwound.com/2010/03/19/photo-exhibit-2/index.html]
[roadsunwound.com/wp-json/oembed/1.0/embed4fa8.json]
[roadsunwound.com/2010/03/16/the-future-of-roads-unwound/index.html]
[roadsunwound.com/2010/03/15/photo-exhibit/index.html]
[roadsunwound.com/wp-json/oembed/1.0/embed9ca8]
[roadsunwound.com/links-and-the-misc/index.html]
[roadsunwound.com/2010/03/01/went-on-a-ride/index.html]
[roadsunwound.com/2010/02/26/great-news/index.html]
[roadsunwound.com/2010/02/17/hello-world/index.html]
[roadsunwound.com/wp-json/oembed/1.0/embed360a.json]
[roadsunwound.com/category/uncategorized/feed/index.html]
[roadsunwound.com/wp-json/oembed/1.0/embed9bcf]
[roadsunwound.com/sponsors/index.html]
[roadsunwound.com/2012/07/index.html]
[roadsunwound.com/tag/preparation/index.html]
[roadsunwound.com/2012/05/index.html]
[roadsunwound.com/2012/03/09/usefulness/index.html]
[roadsunwound.com/2012/04/index.html]
[roadsunwound.com/2012/03/index.html]
[roadsunwound.com/2012/03/04/photo-of-the-day-xelaju-soccer-match/index.html]
[roadsunwound.com/2012/02/index.html]
[roadsunwound.com/2012/03/03/photo-of-the-day-municipal-theater-xela/index.html]
[roadsunwound.com/2012/01/index.html]
[roadsunwound.com/2012/03/01/photo-of-the-day-mercado-la-democracia/index.html]
[roadsunwound.com/2012/02/23/gnarly-bay-productions-a-story-for-tomorrow/index.html]
[roadsunwound.com/2011/12/index.html]
[roadsunwound.com/2011/02/02/a-reminder/index.html]
[roadsunwound.com/2011/11/index.html]
[roadsunwound.com/2011/02/01/roads-unwound-a-future/index.html]
[roadsunwound.com/2011/10/index.html]
[roadsunwound.com/2011/01/18/sola-photography-exhibit/index.html]
[roadsunwound.com/2011/01/06/moving-on/index.html]
[roadsunwound.com/2011/08/index.html]
[roadsunwound.com/2011/01/04/where-in-the-world/index.html]
[roadsunwound.com/2011/06/index.html]
[roadsunwound.com/2010/12/06/through-oregon/index.html]
[roadsunwound.com/2011/05/index.html]
[roadsunwound.com/2010/12/02/resisting-hasty-decisions/index.html]
[roadsunwound.com/2010/12/01/crossroads/index.html]
[roadsunwound.com/2011/03/index.html]
[roadsunwound.com/2010/11/30/hurricane/index.html]
[roadsunwound.com/2011/02/index.html]
[roadsunwound.com/2010/11/25/ice-road-biking/index.html]
[roadsunwound.com/2011/01/index.html]
[roadsunwound.com/2010/11/23/made-it-to-portland/index.html]
[roadsunwound.com/2010/11/22/mama-nature-still-in-control/index.html]
[roadsunwound.com/2010/12/index.html]
[roadsunwound.com/2010/11/18/against-all-odds/index.html]
[roadsunwound.com/2010/11/index.html]
[roadsunwound.com/2010/11/11/limited-window-for-calendars/index.html]
[roadsunwound.com/2010/10/index.html]
[roadsunwound.com/2010/11/08/2011-calendar-now-available/index.html]
[roadsunwound.com/2010/11/04/calendar-options/index.html]
[roadsunwound.com/about/feed/index.html]
[roadsunwound.com/2010/09/index.html]
[roadsunwound.com/trip-photos/feed/index.html]
[roadsunwound.com/gear-list/feed/index.html]
[roadsunwound.com/category/uncategorized/page/2/index.html]
[roadsunwound.com/2010/08/index.html]
[roadsunwound.com/2012/07/29/my-show-in-gallatin-gateway-landscape-and-experience/feed/index.html]
[roadsunwound.com/2012/07/12/720/feed/index.html]
[roadsunwound.com/2012/07/12/720/announcement/feed/index.html]
[roadsunwound.com/about/img_2004/index.html]
[roadsunwound.com/wp-content/uploads/2010/07/Send-off-party-announcement-copy-150x150.jpg]
[roadsunwound.com/2010/07/index.html]
[roadsunwound.com/2012/05/11/a-recurring-theme-brings-an-end-to-the-trip/feed/index.html]
[roadsunwound.com/2012/05/29/coming-in-hot-but-buffeted-by-snow/feed/index.html]
[roadsunwound.com/2012/05/09/sweltered-by-the-sun-buoyed-by-the-beach/feed/index.html]
[roadsunwound.com/sponsors/feed/index.html]
[roadsunwound.com/links-and-the-misc/feed/index.html]
[roadsunwound.com/wp-content/uploads/2010/06/DSC_0164-copy-150x150.jpg]
[roadsunwound.com/2010/11/03/a-new-mapping-option/index.html]
[roadsunwound.com/2010/11/03/hooray-new-photos-from-around-seattle/index.html]
[roadsunwound.com/2010/06/index.html]
[roadsunwound.com/2010/10/17/updates-in-the-pipeline/index.html]
[roadsunwound.com/2010/07/24/being-tested/index.html]
[roadsunwound.com/2010/07/19/and-so-it-begins/index.html]
[roadsunwound.com/2010/07/29/away-i-go/index.html]
[roadsunwound.com/2010/05/index.html]
[roadsunwound.com/2010/07/07/bid-me-farewell/index.html]
[roadsunwound.com/2010/04/index.html]
[roadsunwound.com/2010/07/09/quote/index.html]
[roadsunwound.com/2010/06/27/grand-send-off-party/index.html]
[roadsunwound.com/2010/06/27/my-trusty-steed/index.html]
[roadsunwound.com/2010/03/index.html]
[roadsunwound.com/2010/06/21/fantastico/index.html]
[roadsunwound.com/2010/02/index.html]
[roadsunwound.com/2010/06/06/new-exhibit/index.html]
[roadsunwound.com/2010/06/09/thanks-to-all-the-new-facebook-fans/index.html]
[roadsunwound.com/2010/05/03/having-been-robbed/index.html]
[roadsunwound.com/2010/04/24/long-training-ride/index.html]
[roadsunwound.com/wp-content/themes/modularity/styles/src/grid.png]
[roadsunwound.com/wp-content/themes/modularity/styles/screen.css]
[roadsunwound.com/wp-content/themes/modularity/styles/images/arrows-ffffff.png]
[roadsunwound.com/wp-content/themes/modularity/styles/images/shadow.png]
[roadsunwound.com/2010/03/17/fascinating-article/index.html]
[roadsunwound.com/wp-content/themes/modularity/styles/nav.css]
[roadsunwound.com/wp-content/themes/modularity/images/product-arrows.html]
[roadsunwound.com/wp-content/plugins/shashin/public/display/fancybox/fancybox/fancy_close.html]
[roadsunwound.com/wp-content/plugins/shashin/public/display/fancybox/fancybox/fancy_nav_left.html]
[roadsunwound.com/wp-content/plugins/shashin/public/display/fancybox/fancybox/fancy_nav_right.html]
[roadsunwound.com/wp-content/plugins/shashin/public/display/fancybox/fancybox/fancy_title_over.html]
[roadsunwound.com/wp-content/plugins/shashin/public/display/fancybox/fancybox/fancy_title_left.html]
[roadsunwound.com/wp-content/plugins/shashin/public/display/fancybox/fancybox/fancy_title_main.html]
[roadsunwound.com/wp-content/plugins/shashin/public/display/fancybox/fancybox/fancy_title_right.html]
[roadsunwound.com/wp-content/plugins/shashin/public/display/fancybox/fancybox/fancy_loading.html]
[roadsunwound.com/wp-content/plugins/shashin/public/display/fancybox/fancybox/fancy_shadow_n.html]
[roadsunwound.com/wp-content/plugins/shashin/public/display/fancybox/fancybox/fancy_shadow_ne.html]
[roadsunwound.com/wp-content/plugins/shashin/public/display/fancybox/fancybox/fancy_shadow_e.html]
[roadsunwound.com/wp-content/plugins/shashin/public/display/fancybox/fancybox/fancy_shadow_se.html]
[roadsunwound.com/wp-content/plugins/shashin/public/display/fancybox/fancybox/fancy_shadow_s.html]
[roadsunwound.com/wp-content/plugins/shashin/public/display/fancybox/fancybox/fancy_shadow_sw.html]
[roadsunwound.com/wp-content/plugins/shashin/public/display/fancybox/fancybox/fancy_shadow_w.html]
[roadsunwound.com/wp-content/plugins/shashin/public/display/fancybox/fancybox/fancy_shadow_nw.html]
[roadsunwound.com/wp-json/oembed/1.0/embedca71.json]
[roadsunwound.com/2012/04/26/one-week-guatemala-to-nicaragua/feed/index.html]
[roadsunwound.com/wp-json/oembed/1.0/embed113f]
[roadsunwound.com/2012/04/26/one-week-guatemala-to-nicaragua/index.html]
[roadsunwound.com/wp-json/oembed/1.0/embed8ffc.json]
[roadsunwound.com/wp-json/oembed/1.0/embed46d2]
[roadsunwound.com/wp-content/uploads/2012/04/IMG_2046-500x375.jpg]
[roadsunwound.com/2012/04/18/a-return-to-the-road/feed/index.html]
[roadsunwound.com/wp-content/uploads/2012/04/IMG_2037-500x375.6c.delayed]
[roadsunwound.com/wp-content/uploads/2012/04/IMG_2043-500x375.jpg]
[roadsunwound.com/2012/04/18/a-return-to-the-road/img_2046/index.html]
[roadsunwound.com/2012/04/18/a-return-to-the-road/img_2037/index.html]
[roadsunwound.com/wp-content/uploads/2012/04/IMG_2053-e1334793334117-375x500.jpg]
[roadsunwound.com/2012/04/18/a-return-to-the-road/index.html]
[roadsunwound.com/2012/04/18/a-return-to-the-road/img_2043/index.html]
[roadsunwound.com/wp-json/oembed/1.0/embed7ff6.json]
[roadsunwound.com/2011/12/23/maps-paint-poor-pictures/feed/index.html]
[roadsunwound.com/2011/12/23/maps-paint-poor-pictures/index.html]
[roadsunwound.com/tag/guatemala/index.html]
[roadsunwound.com/wp-json/oembed/1.0/embed7a2b]
[roadsunwound.com/2012/04/18/a-return-to-the-road/img_2053/index.html]
[roadsunwound.com/wp-json/oembed/1.0/embed3101.json]
[roadsunwound.com/tag/guatemala/feed/index.html]
[roadsunwound.com/2011/12/13/guatemala-chapter-1/index.html]
[roadsunwound.com/wp-json/oembed/1.0/embed4d3c]
[roadsunwound.com/2011/12/13/guatemala-chapter-1/feed/index.html]
[roadsunwound.com/wp-json/oembed/1.0/embed6677.json]
[roadsunwound.com/2011/12/03/snapshots-of-mexico/feed/index.html]
[roadsunwound.com/2011/12/03/snapshots-of-mexico/index.html]
[roadsunwound.com/wp-json/oembed/1.0/embed1f00]
[roadsunwound.com/wp-json/oembed/1.0/embed5652.json]
[roadsunwound.com/2011/11/25/sights-of-the-yucatan/feed/index.html]
[roadsunwound.com/wp-json/oembed/1.0/embed7572]
[roadsunwound.com/2011/11/25/sights-of-the-yucatan/index.html]
[roadsunwound.com/2011/11/16/ready-set-restart/feed/index.html]
[roadsunwound.com/wp-json/oembed/1.0/embedc84e.json]
[roadsunwound.com/2011/11/16/ready-set-restart/index.html]
[roadsunwound.com/wp-json/oembed/1.0/embed50eb]
[roadsunwound.com/wp-json/oembed/1.0/embedc904.json]
[roadsunwound.com/2011/11/13/cuba/feed/index.html]
[roadsunwound.com/wp-json/oembed/1.0/embed31a3]
[roadsunwound.com/2011/11/13/cuba/index.html]
[roadsunwound.com/wp-json/oembed/1.0/embed6030.json]
[roadsunwound.com/wp-json/oembed/1.0/embed0bff]
[roadsunwound.com/2011/08/10/high-time-in-the-rockies/index.html]
[roadsunwound.com/2011/08/10/high-time-in-the-rockies/feed/index.html]
[roadsunwound.com/wp-json/oembed/1.0/embed4023.json]
[roadsunwound.com/2011/01/19/california-dreaming/feed/index.html]
[roadsunwound.com/wp-json/oembed/1.0/embed1d94]
[roadsunwound.com/2011/01/19/california-dreaming/index.html]
[roadsunwound.com/wp-json/oembed/1.0/embed9f65.json]
[roadsunwound.com/2010/12/11/swimming-through-cali/feed/index.html]
[roadsunwound.com/wp-json/oembed/1.0/embed09a1]
[roadsunwound.com/2010/12/11/swimming-through-cali/index.html]
[roadsunwound.com/wp-json/oembed/1.0/embed439b.json]
[roadsunwound.com/wp-json/oembed/1.0/embed51b9]
[roadsunwound.com/2010/10/25/beginning-anew/index.html]
[roadsunwound.com/2010/10/25/beginning-anew/feed/index.html]
[roadsunwound.com/wp-json/oembed/1.0/embedfe58.json]
[roadsunwound.com/wp-json/oembed/1.0/embed45fb]
[roadsunwound.com/2010/10/08/connections/index.html]
[roadsunwound.com/wp-json/oembed/1.0/embed2fc2.json]
[roadsunwound.com/2010/10/08/connections/feed/index.html]
[roadsunwound.com/2010/10/07/smithers-to-banff-day-52-70/feed/index.html]
[roadsunwound.com/wp-json/oembed/1.0/embed73f2]
[roadsunwound.com/2010/10/07/smithers-to-banff-day-52-70/index.html]
[roadsunwound.com/wp-json/oembed/1.0/embed302c.json]
[roadsunwound.com/2010/09/27/once-in-a-lifetime/feed/index.html]
[roadsunwound.com/wp-json/oembed/1.0/embed8df6]
[roadsunwound.com/2010/09/27/once-in-a-lifetime/index.html]
[roadsunwound.com/wp-json/oembed/1.0/embed9cb9.json]
[roadsunwound.com/wp-json/oembed/1.0/embed5b91]
[roadsunwound.com/2010/09/24/route-deviation/index.html]
[roadsunwound.com/2010/09/24/route-deviation/feed/index.html]
[roadsunwound.com/wp-json/oembed/1.0/embed0e84.json]
[roadsunwound.com/2010/09/19/stories/feed/index.html]
[roadsunwound.com/wp-json/oembed/1.0/embed0266]
[roadsunwound.com/2010/09/19/stories/index.html]
[roadsunwound.com/wp-json/oembed/1.0/embed5a12.json]
[roadsunwound.com/2010/09/18/the-challenge-rewarded/feed/index.html]
[roadsunwound.com/wp-json/oembed/1.0/embed265c]
[roadsunwound.com/2010/09/18/the-challenge-rewarded/index.html]
[roadsunwound.com/wp-json/oembed/1.0/embedddb4.json]
[roadsunwound.com/2010/09/17/why/feed/index.html]
[roadsunwound.com/wp-json/oembed/1.0/embed1306]
[roadsunwound.com/2010/09/17/why/index.html]
[roadsunwound.com/wp-json/oembed/1.0/embedab8b.json]
[roadsunwound.com/2010/09/11/a-biking-vacation/feed/index.html]
[roadsunwound.com/wp-json/oembed/1.0/embed6d12]
[roadsunwound.com/2010/09/11/a-biking-vacation/index.html]
[roadsunwound.com/wp-json/oembed/1.0/embed2843.json]
[roadsunwound.com/2010/08/25/whitehorse-yukon/feed/index.html]
[roadsunwound.com/wp-json/oembed/1.0/embed6f0f]
[roadsunwound.com/2010/08/25/whitehorse-yukon/index.html]
[roadsunwound.com/wp-json/oembed/1.0/embedf91b.json]
[roadsunwound.com/2010/08/23/haines-junction-two-days-more-to-whitehorse/feed/index.html]
[roadsunwound.com/wp-json/oembed/1.0/embed313f]
[roadsunwound.com/2010/08/23/haines-junction-two-days-more-to-whitehorse/index.html]
[roadsunwound.com/wp-json/oembed/1.0/embed6edb.json]
[roadsunwound.com/2010/08/20/a-change-of-weather-countries/feed/index.html]
[roadsunwound.com/wp-json/oembed/1.0/embed44d1]
[roadsunwound.com/2010/08/20/a-change-of-weather-countries/index.html]
[roadsunwound.com/category/biking/page/2/index.html]
[roadsunwound.com/wp-json/oembed/1.0/embeddb12.json]
[roadsunwound.com/2010/08/17/tok-alaska/feed/index.html]
[roadsunwound.com/wp-json/oembed/1.0/embed1f97]
[roadsunwound.com/2010/08/17/tok-alaska/index.html]
[roadsunwound.com/wp-json/oembed/1.0/embed35ce.json]
[roadsunwound.com/wp-json/oembed/1.0/embedd03b]
[roadsunwound.com/2010/08/13/a-fresh-look-at-the-dalton-hwy/index.html]
[roadsunwound.com/2010/08/13/a-fresh-look-at-the-dalton-hwy/feed/index.html]
[roadsunwound.com/wp-json/oembed/1.0/embedacff.json]
[roadsunwound.com/2010/08/10/one-hell-of-a-way-to-start/feed/index.html]
[roadsunwound.com/wp-json/oembed/1.0/embed213e]
[roadsunwound.com/2010/08/10/one-hell-of-a-way-to-start/index.html]
[roadsunwound.com/wp-json/oembed/1.0/embed0b2e.json]
[roadsunwound.com/2010/08/09/leg-one/feed/index.html]
[roadsunwound.com/wp-json/oembed/1.0/embed6403]
[roadsunwound.com/2010/08/09/leg-one/index.html]
[roadsunwound.com/wp-json/oembed/1.0/embed0717.json]
[roadsunwound.com/2012/04/28/a-nicaraguan-sunset/feed/index.html]
[roadsunwound.com/wp-json/oembed/1.0/embed8cbb]
[roadsunwound.com/wp-content/uploads/2012/04/IMG_2153-500x375.jpg]
[roadsunwound.com/2012/04/28/a-nicaraguan-sunset/index.html]
[roadsunwound.com/wp-json/oembed/1.0/embed516a.json]
[roadsunwound.com/2012/04/28/a-nicaraguan-sunset/img_2153/index.html]
[roadsunwound.com/2010/12/21/grappling-with-reality/index.html]
[roadsunwound.com/wp-json/oembed/1.0/embedc422]
[roadsunwound.com/2010/12/21/grappling-with-reality/feed/index.html]
[roadsunwound.com/wp-json/oembed/1.0/embed76af.json]
[roadsunwound.com/2010/11/11/considering-risk-reward-and-overhype/feed/index.html]
[roadsunwound.com/wp-json/oembed/1.0/embedd488]
[roadsunwound.com/2010/11/11/considering-risk-reward-and-overhype/index.html]
[roadsunwound.com/wp-json/oembed/1.0/embed75d4.json]
[roadsunwound.com/2010/10/07/false-assumptions/feed/index.html]
[roadsunwound.com/wp-json/oembed/1.0/embed0bbd]
[roadsunwound.com/2010/10/07/false-assumptions/index.html]
[roadsunwound.com/wp-json/oembed/1.0/embed6a04.json]
[roadsunwound.com/2011/10/08/a-reunion/feed/index.html]
[roadsunwound.com/wp-json/oembed/1.0/embed2c59]
[roadsunwound.com/2011/10/08/a-reunion/index.html]
[roadsunwound.com/wp-json/oembed/1.0/embed11a7.json]
[roadsunwound.com/2011/08/16/the-band-will-play-on/feed/index.html]
[roadsunwound.com/wp-json/oembed/1.0/embed8e46]
[roadsunwound.com/2011/08/16/the-band-will-play-on/index.html]
[roadsunwound.com/wp-json/oembed/1.0/embed14cd.json]
[roadsunwound.com/wp-json/oembed/1.0/embed4a8a]
[roadsunwound.com/2011/05/09/summer-plans-and-notions-of-resuming-trip/index.html]
[roadsunwound.com/2011/05/09/summer-plans-and-notions-of-resuming-trip/feed/index.html]
[roadsunwound.com/wp-json/oembed/1.0/embed9b9a.json]
[roadsunwound.com/2011/03/01/another-great-article-supporting-biking/feed/index.html]
[roadsunwound.com/wp-json/oembed/1.0/embed915d]
[roadsunwound.com/2011/03/01/another-great-article-supporting-biking/index.html]
[roadsunwound.com/wp-json/oembed/1.0/embed4a9d.json]
[roadsunwound.com/2010/12/21/last-chance-for-calendars/feed/index.html]
[roadsunwound.com/wp-json/oembed/1.0/embed5fe7]
[roadsunwound.com/2010/12/21/last-chance-for-calendars/index.html]
[roadsunwound.com/wp-json/oembed/1.0/embed650f.json]
[roadsunwound.com/2010/11/16/putting-me-in-my-place/feed/index.html]
[roadsunwound.com/wp-json/oembed/1.0/embed44b8]
[roadsunwound.com/2010/11/16/putting-me-in-my-place/index.html]
[roadsunwound.com/wp-json/oembed/1.0/embed7595.json]
[roadsunwound.com/2010/11/02/big-news-of-the-small/feed/index.html]
[roadsunwound.com/wp-json/oembed/1.0/embedc438]
[roadsunwound.com/2010/11/02/big-news-of-the-small/index.html]
[roadsunwound.com/wp-json/oembed/1.0/embedc163.json]
[roadsunwound.com/wp-json/oembed/1.0/embedcc2d]
[roadsunwound.com/2010/11/01/struggle-of-the-moment/index.html]
[roadsunwound.com/2010/11/01/struggle-of-the-moment/feed/index.html]
[roadsunwound.com/wp-json/oembed/1.0/embed61f6.json]
[roadsunwound.com/wp-json/oembed/1.0/embedd69d]
[roadsunwound.com/2010/10/20/ok-wait-just-a-bit-longer/index.html]
[roadsunwound.com/2010/10/20/ok-wait-just-a-bit-longer/feed/index.html]
[roadsunwound.com/wp-json/oembed/1.0/embeda3dd.json]
[roadsunwound.com/2010/09/19/lessons-of-the-road-0-2000-miles/feed/index.html]
[roadsunwound.com/wp-json/oembed/1.0/embede94b]
[roadsunwound.com/2010/09/19/lessons-of-the-road-0-2000-miles/index.html]
[roadsunwound.com/wp-json/oembed/1.0/embedcab2.json]
[roadsunwound.com/2010/09/16/smithers-bc/feed/index.html]
[roadsunwound.com/wp-json/oembed/1.0/embed58a4]
[roadsunwound.com/2010/09/16/smithers-bc/index.html]
[roadsunwound.com/wp-json/oembed/1.0/embedffe5.json]
[roadsunwound.com/2012/03/23/one-tree-two-tree-a-million-trees/feed/index.html]
[roadsunwound.com/wp-json/oembed/1.0/embed7f39]
[roadsunwound.com/2012/03/23/one-tree-two-tree-a-million-trees/index.html]
[roadsunwound.com/wp-json/oembed/1.0/embedae20.json]
[roadsunwound.com/2012/03/07/my-favorite-days/feed/index.html]
[roadsunwound.com/wp-json/oembed/1.0/embede190]
[roadsunwound.com/2012/03/07/my-favorite-days/index.html]
[roadsunwound.com/wp-json/oembed/1.0/embedb33b.json]
[roadsunwound.com/2012/02/22/a-day-of-buses/feed/index.html]
[roadsunwound.com/wp-json/oembed/1.0/embed1ebc]
[roadsunwound.com/2012/02/22/a-day-of-buses/index.html]
[roadsunwound.com/wp-json/oembed/1.0/embedf016.json]
[roadsunwound.com/wp-json/oembed/1.0/embed6819]
[roadsunwound.com/2012/02/12/a-home-away-from-home-xela/index.html]
[roadsunwound.com/2012/02/12/a-home-away-from-home-xela/feed/index.html]
[roadsunwound.com/wp-json/oembed/1.0/embed2542.json]
[roadsunwound.com/2012/02/07/bike-free-guatemala/feed/index.html]
[roadsunwound.com/wp-json/oembed/1.0/embedc889]
[roadsunwound.com/2012/02/07/bike-free-guatemala/index.html]
[roadsunwound.com/wp-json/oembed/1.0/embed1ab7.json]
[roadsunwound.com/2012/01/06/one-day-in-xela/feed/index.html]
[roadsunwound.com/wp-json/oembed/1.0/embedc135]
[roadsunwound.com/2012/01/06/one-day-in-xela/index.html]
[roadsunwound.com/wp-json/oembed/1.0/embed38e6.json]
[roadsunwound.com/2011/10/03/first-things-first-fast-bikes/feed/index.html]
[roadsunwound.com/wp-json/oembed/1.0/embed137c]
[roadsunwound.com/2011/10/03/first-things-first-fast-bikes/index.html]
[roadsunwound.com/wp-json/oembed/1.0/embed65d1.json]
[roadsunwound.com/2011/10/01/close-chapter/feed/index.html]
[roadsunwound.com/wp-json/oembed/1.0/embed6802]
[roadsunwound.com/2011/10/01/close-chapter/index.html]
[roadsunwound.com/wp-json/oembed/1.0/embed5882.json]
[roadsunwound.com/2011/08/08/first-there-was-more-work-to-be-done/feed/index.html]
[roadsunwound.com/wp-json/oembed/1.0/embedbcee]
[roadsunwound.com/2011/08/08/first-there-was-more-work-to-be-done/index.html]
[roadsunwound.com/wp-json/oembed/1.0/embedf6d7.json]
[roadsunwound.com/2011/06/20/a-time-consuming-but-worthwhile-foray-off-the-bike/feed/index.html]
[roadsunwound.com/wp-json/oembed/1.0/embed6d78]
[roadsunwound.com/2011/06/20/a-time-consuming-but-worthwhile-foray-off-the-bike/index.html]
[roadsunwound.com/wp-json/oembed/1.0/embed1ccd.json]
[roadsunwound.com/2011/05/01/what-am-i-doing/feed/index.html]
[roadsunwound.com/wp-json/oembed/1.0/embed908f]
[roadsunwound.com/2011/05/01/what-am-i-doing/index.html]
[roadsunwound.com/wp-json/oembed/1.0/embed9c67.json]
[roadsunwound.com/2011/02/22/life-off-the-bike-is-not-all-bad/feed/index.html]
[roadsunwound.com/wp-json/oembed/1.0/embed843b]
[roadsunwound.com/2011/02/22/life-off-the-bike-is-not-all-bad/index.html]
[roadsunwound.com/wp-json/oembed/1.0/embed1d63.json]
[roadsunwound.com/2011/10/03/let-a-new-chapter-begin/feed/index.html]
[roadsunwound.com/wp-json/oembed/1.0/embed1088]
[roadsunwound.com/2011/10/03/let-a-new-chapter-begin/index.html]
[roadsunwound.com/wp-json/oembed/1.0/embedaf46.json]
[roadsunwound.com/2010/06/11/brief-june-update/feed/index.html]
[roadsunwound.com/wp-json/oembed/1.0/embedbea1]
[roadsunwound.com/2010/06/11/brief-june-update/index.html]
[roadsunwound.com/wp-json/oembed/1.0/embedcd84.json]
[roadsunwound.com/2010/04/25/april-update/feed/index.html]
[roadsunwound.com/wp-json/oembed/1.0/embedcc46]
[roadsunwound.com/2010/04/25/april-update/index.html]
[roadsunwound.com/wp-json/oembed/1.0/embed14e6.json]
[roadsunwound.com/2010/03/19/photo-exhibit-2/feed/index.html]
[roadsunwound.com/wp-json/oembed/1.0/embedbb2f]
[roadsunwound.com/2010/03/19/photo-exhibit-2/index.html]
[roadsunwound.com/wp-json/oembed/1.0/embed5656.json]
[roadsunwound.com/2010/03/16/the-future-of-roads-unwound/feed/index.html]
[roadsunwound.com/wp-json/oembed/1.0/embed5434]
[roadsunwound.com/2010/03/16/the-future-of-roads-unwound/index.html]
[roadsunwound.com/wp-json/oembed/1.0/embeddafa.json]
[roadsunwound.com/2010/03/15/photo-exhibit/feed/index.html]
[roadsunwound.com/wp-json/oembed/1.0/embed7795]
[roadsunwound.com/2010/03/15/photo-exhibit/index.html]
[roadsunwound.com/wp-json/oembed/1.0/embedb766.json]
[roadsunwound.com/2010/03/01/went-on-a-ride/feed/index.html]
[roadsunwound.com/wp-json/oembed/1.0/embed1e04]
[roadsunwound.com/2010/03/01/went-on-a-ride/index.html]
[roadsunwound.com/wp-json/oembed/1.0/embed7784.json]
[roadsunwound.com/2010/02/26/great-news/feed/index.html]
[roadsunwound.com/wp-json/oembed/1.0/embeda2f6]
[roadsunwound.com/2010/02/26/great-news/index.html]
[roadsunwound.com/wp-json/oembed/1.0/embed049a.json]
[roadsunwound.com/2010/02/17/hello-world/feed/index.html]
[roadsunwound.com/wp-json/oembed/1.0/embed12ea]
[roadsunwound.com/2010/02/17/hello-world/index.html]
[roadsunwound.com/tag/preparation/index.html]
[roadsunwound.com/tag/preparation/feed/index.html]
[roadsunwound.com/wp-json/oembed/1.0/embed877c.json]
[roadsunwound.com/2012/03/09/usefulness/feed/index.html]
[roadsunwound.com/wp-json/oembed/1.0/embed7448]
[roadsunwound.com/2012/03/09/usefulness/index.html]
[roadsunwound.com/wp-json/oembed/1.0/embede74b.json]
[roadsunwound.com/2012/03/04/photo-of-the-day-xelaju-soccer-match/feed/index.html]
[roadsunwound.com/wp-json/oembed/1.0/embed05e0]
[roadsunwound.com/wp-content/uploads/2012/03/IMG_1760-500x375.jpg]
[roadsunwound.com/2012/03/04/photo-of-the-day-xelaju-soccer-match/index.html]
[roadsunwound.com/wp-json/oembed/1.0/embed79b7.json]
[roadsunwound.com/2012/03/04/photo-of-the-day-xelaju-soccer-match/img_1760/index.html]
[roadsunwound.com/2012/03/03/photo-of-the-day-municipal-theater-xela/feed/index.html]
[roadsunwound.com/2012/03/03/photo-of-the-day-municipal-theater-xela/index.html]
[roadsunwound.com/wp-json/oembed/1.0/embed66b9]
[roadsunwound.com/wp-json/oembed/1.0/embed16a5.json]
[roadsunwound.com/2012/03/01/photo-of-the-day-mercado-la-democracia/feed/index.html]
[roadsunwound.com/wp-json/oembed/1.0/embedccbd]
[roadsunwound.com/wp-content/uploads/2012/02/DSC_0021-500x332.jpg]
[roadsunwound.com/2012/03/01/photo-of-the-day-mercado-la-democracia/index.html]
[roadsunwound.com/wp-json/oembed/1.0/embedd371.json]
[roadsunwound.com/2012/02/23/gnarly-bay-productions-a-story-for-tomorrow/index.html]
[roadsunwound.com/2012/02/23/gnarly-bay-productions-a-story-for-tomorrow/feed/index.html]
[roadsunwound.com/wp-json/oembed/1.0/embedd728]
[roadsunwound.com/2012/03/01/photo-of-the-day-mercado-la-democracia/dsc_0021/index.html]
[roadsunwound.com/wp-json/oembed/1.0/embedb79a.json]
[roadsunwound.com/2011/02/02/a-reminder/feed/index.html]
[roadsunwound.com/wp-json/oembed/1.0/embedfd3e]
[roadsunwound.com/2011/02/02/a-reminder/index.html]
[roadsunwound.com/wp-json/oembed/1.0/embed28fd.json]
[roadsunwound.com/trip-photos/index9555.html]
[roadsunwound.com/2011/02/01/roads-unwound-a-future/feed/index.html]
[roadsunwound.com/wp-json/oembed/1.0/embedfa45]
[roadsunwound.com/2011/02/01/roads-unwound-a-future/index.html]
[roadsunwound.com/wp-json/oembed/1.0/embed5157.json]
[roadsunwound.com/2011/01/18/sola-photography-exhibit/feed/index.html]
[roadsunwound.com/wp-json/oembed/1.0/embed9135]
[roadsunwound.com/wp-content/uploads/2011/01/Sola-Announcement-756x1024.jpg]
[roadsunwound.com/2011/01/18/sola-photography-exhibit/index.html]
[roadsunwound.com/wp-json/oembed/1.0/embed4087.json]
[roadsunwound.com/2011/01/06/moving-on/feed/index.html]
[roadsunwound.com/wp-json/oembed/1.0/embed9784]
[roadsunwound.com/2011/01/06/moving-on/index.html]
[roadsunwound.com/wp-json/oembed/1.0/embedcbac]
[roadsunwound.com/2011/01/18/sola-photography-exhibit/sola-announcement/index.html]
[roadsunwound.com/2011/01/04/where-in-the-world/feed/index.html]
[roadsunwound.com/wp-json/oembed/1.0/embed19cf]
[roadsunwound.com/2011/01/04/where-in-the-world/index.html]
[roadsunwound.com/wp-json/oembed/1.0/embed66d5.json]
[roadsunwound.com/2010/12/06/through-oregon/feed/index.html]
[roadsunwound.com/wp-json/oembed/1.0/embedc447]
[roadsunwound.com/2010/12/06/through-oregon/index.html]
[roadsunwound.com/wp-json/oembed/1.0/embedfd9d.json]
[roadsunwound.com/2010/12/02/resisting-hasty-decisions/feed/index.html]
[roadsunwound.com/wp-json/oembed/1.0/embed4c9b]
[roadsunwound.com/2010/12/02/resisting-hasty-decisions/index.html]
[roadsunwound.com/wp-json/oembed/1.0/embed5dcc.json]
[roadsunwound.com/2010/12/01/crossroads/feed/index.html]
[roadsunwound.com/wp-json/oembed/1.0/embed3f68]
[roadsunwound.com/2010/12/01/crossroads/index.html]
[roadsunwound.com/wp-json/oembed/1.0/embed2513.json]
[roadsunwound.com/wp-json/oembed/1.0/embed8cf8]
[roadsunwound.com/2010/11/30/hurricane/feed/index.html]
[roadsunwound.com/2010/11/30/hurricane/index.html]
[roadsunwound.com/wp-json/oembed/1.0/embed0ff0.json]
[roadsunwound.com/2010/11/25/ice-road-biking/feed/index.html]
[roadsunwound.com/wp-json/oembed/1.0/embed7717]
[roadsunwound.com/2010/11/25/ice-road-biking/index.html]
[roadsunwound.com/wp-json/oembed/1.0/embed29e1.json]
[roadsunwound.com/2010/11/23/made-it-to-portland/feed/index.html]
[roadsunwound.com/wp-json/oembed/1.0/embed1534]
[roadsunwound.com/2010/11/23/made-it-to-portland/index.html]
[roadsunwound.com/wp-json/oembed/1.0/embedf346.json]
[roadsunwound.com/2010/11/22/mama-nature-still-in-control/feed/index.html]
[roadsunwound.com/wp-json/oembed/1.0/embeddded]
[roadsunwound.com/2010/11/22/mama-nature-still-in-control/index.html]
[roadsunwound.com/wp-json/oembed/1.0/embed3e5d.json]
[roadsunwound.com/wp-json/oembed/1.0/embeda930]
[roadsunwound.com/2010/11/18/against-all-odds/index.html]
[roadsunwound.com/2010/11/18/against-all-odds/feed/index.html]
[roadsunwound.com/wp-json/oembed/1.0/embed85b2.json]
[roadsunwound.com/2010/11/11/limited-window-for-calendars/feed/index.html]
[roadsunwound.com/wp-json/oembed/1.0/embed63dc]
[roadsunwound.com/2010/11/11/limited-window-for-calendars/index.html]
[roadsunwound.com/wp-json/oembed/1.0/embeddd5c.json]
[roadsunwound.com/2010/11/08/2011-calendar-now-available/feed/index.html]
[roadsunwound.com/wp-json/oembed/1.0/embeda6dc]
[roadsunwound.com/2010/11/08/2011-calendar-now-available/index.html]
[roadsunwound.com/wp-json/oembed/1.0/embed5bbc.json]
[roadsunwound.com/2010/11/04/calendar-options/feed/index.html]
[roadsunwound.com/wp-json/oembed/1.0/embedd341]
[roadsunwound.com/2010/11/04/calendar-options/index.html]
[roadsunwound.com/category/uncategorized/page/2/index.html]
[roadsunwound.com/wp-json/oembed/1.0/embed5f95.json]
[roadsunwound.com/about/img_2004/feed/index.html]
[roadsunwound.com/wp-json/oembed/1.0/embed69a6]
[roadsunwound.com/wp-content/uploads/2010/02/IMG_2004.jpg]
[roadsunwound.com/about/img_2004/index.html]
[roadsunwound.com/2012/07/12/720/announcement/trackback/index.html]
[roadsunwound.com/wp-json/oembed/1.0/embed4880.json]
[roadsunwound.com/2010/11/03/a-new-mapping-option/feed/index.html]
[roadsunwound.com/2010/11/03/a-new-mapping-option/index.html]
[roadsunwound.com/wp-json/oembed/1.0/embedaeb1]
[roadsunwound.com/wp-json/oembed/1.0/embed84db]
[roadsunwound.com/2010/11/03/hooray-new-photos-from-around-seattle/feed/index.html]
[roadsunwound.com/2010/11/03/hooray-new-photos-from-around-seattle/index.html]
[roadsunwound.com/wp-json/oembed/1.0/embede0cc]
[roadsunwound.com/wp-json/oembed/1.0/embed3f18.json]
[roadsunwound.com/2010/10/17/updates-in-the-pipeline/feed/index.html]
[roadsunwound.com/2010/10/17/updates-in-the-pipeline/index.html]
[roadsunwound.com/wp-json/oembed/1.0/embede25c]
[roadsunwound.com/wp-json/oembed/1.0/embed647a.json]
[roadsunwound.com/2010/07/29/away-i-go/feed/index.html]
[roadsunwound.com/2010/07/29/away-i-go/index.html]
[roadsunwound.com/wp-json/oembed/1.0/embed0b2b]
[roadsunwound.com/wp-json/oembed/1.0/embed6535.json]
[roadsunwound.com/2010/07/24/being-tested/feed/index.html]
[roadsunwound.com/2010/07/24/being-tested/index.html]
[roadsunwound.com/wp-json/oembed/1.0/embed5e46]
[roadsunwound.com/wp-json/oembed/1.0/embedb396.json]
[roadsunwound.com/2010/07/19/and-so-it-begins/feed/index.html]
[roadsunwound.com/2010/07/19/and-so-it-begins/index.html]
[roadsunwound.com/wp-json/oembed/1.0/embed4137]
[roadsunwound.com/wp-json/oembed/1.0/embeddc94.json]
[roadsunwound.com/2010/07/09/quote/feed/index.html]
[roadsunwound.com/2010/07/09/quote/index.html]
[roadsunwound.com/wp-json/oembed/1.0/embeda67b]
[roadsunwound.com/wp-json/oembed/1.0/embed2d7a.json]
[roadsunwound.com/2010/07/07/bid-me-farewell/feed/index.html]
[roadsunwound.com/wp-json/oembed/1.0/embeda5d7]
[roadsunwound.com/2010/07/07/bid-me-farewell/index.html]
[roadsunwound.com/wp-content/uploads/2010/07/Send-off-party-announcement-copy-500x333.jpg]
[roadsunwound.com/wp-json/oembed/1.0/embed5272.json]
[roadsunwound.com/wp-json/oembed/1.0/embede377]
[roadsunwound.com/2010/06/27/grand-send-off-party/index.html]
[roadsunwound.com/2010/07/07/bid-me-farewell/send-off-party-announcement-copy/index.html]
[roadsunwound.com/2010/06/27/grand-send-off-party/feed/index.html]
[roadsunwound.com/wp-json/oembed/1.0/embede563.json]
[roadsunwound.com/2010/06/27/my-trusty-steed/feed/index.html]
[roadsunwound.com/wp-json/oembed/1.0/embeda126]
[roadsunwound.com/2010/06/27/my-trusty-steed/index.html]
[roadsunwound.com/wp-content/uploads/2010/06/DSC_0164-copy-500x332.jpg]
[roadsunwound.com/wp-json/oembed/1.0/embed4008.json]
[roadsunwound.com/wp-json/oembed/1.0/embed5312]
[roadsunwound.com/2010/06/21/fantastico/index.html]
[roadsunwound.com/2010/06/27/my-trusty-steed/dsc_0164-copy/index.html]
[roadsunwound.com/2010/06/21/fantastico/feed/index.html]
[roadsunwound.com/wp-json/oembed/1.0/embed9dfb.json]
[roadsunwound.com/2010/06/09/thanks-to-all-the-new-facebook-fans/feed/index.html]
[roadsunwound.com/2010/06/09/thanks-to-all-the-new-facebook-fans/index.html]
[roadsunwound.com/wp-json/oembed/1.0/embeda495]
[roadsunwound.com/wp-json/oembed/1.0/embed13c0]
[roadsunwound.com/2010/06/06/new-exhibit/feed/index.html]
[roadsunwound.com/2010/06/06/new-exhibit/index.html]
[roadsunwound.com/wp-json/oembed/1.0/embed48c1]
[roadsunwound.com/wp-json/oembed/1.0/embedb2d8.json]
[roadsunwound.com/2010/05/03/having-been-robbed/index.html]
[roadsunwound.com/wp-json/oembed/1.0/embedebcf]
[roadsunwound.com/2010/05/03/having-been-robbed/feed/index.html]
[roadsunwound.com/wp-json/oembed/1.0/embed6817]
[roadsunwound.com/2010/04/24/long-training-ride/feed/index.html]
[roadsunwound.com/2010/04/24/long-training-ride/index.html]
[roadsunwound.com/wp-json/oembed/1.0/embed0f86]
[roadsunwound.com/wp-json/oembed/1.0/embedcda2.json]
[roadsunwound.com/2010/03/17/fascinating-article/feed/index.html]
[roadsunwound.com/2010/03/17/fascinating-article/index.html]
[roadsunwound.com/wp-content/themes/modularity/styles/src/grid.html]
[roadsunwound.com/wp-json/oembed/1.0/embed1c40]
[roadsunwound.com/wp-json/oembed/1.0/embede17c.json]
[roadsunwound.com/2012/04/18/a-return-to-the-road/img_2046/feed/index.html]
[roadsunwound.com/wp-json/oembed/1.0/embed593e]
[roadsunwound.com/wp-content/uploads/2012/04/IMG_2046.jpg]
[roadsunwound.com/2012/04/18/a-return-to-the-road/img_2046/index.html]
[roadsunwound.com/wp-content/uploads/2012/04/IMG_2053-e1334793334117-150x150.jpg]
[roadsunwound.com/wp-json/oembed/1.0/embedf739]
[roadsunwound.com/2012/04/18/a-return-to-the-road/img_2037/feed/index.html]
[roadsunwound.com/wp-json/oembed/1.0/embed34ba]
[roadsunwound.com/wp-content/uploads/2012/04/IMG_2037.jpg]
[roadsunwound.com/wp-content/uploads/2012/04/IMG_2043-150x150.jpg]
[roadsunwound.com/2012/04/18/a-return-to-the-road/img_2037/index.html]
[roadsunwound.com/wp-json/oembed/1.0/embedf172.json]
[roadsunwound.com/wp-json/oembed/1.0/embed66d6]
[roadsunwound.com/wp-content/uploads/2012/04/IMG_2043.jpg]
[roadsunwound.com/wp-content/uploads/2012/04/IMG_2037-150x150.jpg]
[roadsunwound.com/2012/04/18/a-return-to-the-road/img_2043/index.html]
[roadsunwound.com/2012/04/18/a-return-to-the-road/img_2043/feed/index.html]
[roadsunwound.com/wp-json/oembed/1.0/embed354d.json]
[roadsunwound.com/wp-json/oembed/1.0/embed4c04]
[roadsunwound.com/wp-content/uploads/2012/04/IMG_2053-e1334793334117.jpg]
[roadsunwound.com/2012/04/18/a-return-to-the-road/img_2053/index.html]
[roadsunwound.com/2012/04/18/a-return-to-the-road/img_2053/feed/index.html]
[roadsunwound.com/wp-json/oembed/1.0/embed7da5.json]
[roadsunwound.com/wp-json/oembed/1.0/embedb9a3]
[roadsunwound.com/wp-content/uploads/2012/04/IMG_2153.jpg]
[roadsunwound.com/2012/04/28/a-nicaraguan-sunset/img_2153/index.html]
[roadsunwound.com/2012/04/28/a-nicaraguan-sunset/img_2153/feed/index.html]
[roadsunwound.com/wp-json/oembed/1.0/embedb3ca.json]
[roadsunwound.com/wp-json/oembed/1.0/embed9e9e]
[roadsunwound.com/wp-content/uploads/2012/03/IMG_1760.jpg]
[roadsunwound.com/2012/03/04/photo-of-the-day-xelaju-soccer-match/img_1760/index.html]
[roadsunwound.com/2012/03/04/photo-of-the-day-xelaju-soccer-match/img_1760/feed/index.html]
[roadsunwound.com/wp-json/oembed/1.0/embed1697.json]
[roadsunwound.com/wp-json/oembed/1.0/embedab99]
[roadsunwound.com/wp-content/uploads/2012/02/DSC_0021.jpg]
[roadsunwound.com/2012/03/01/photo-of-the-day-mercado-la-democracia/dsc_0021/index.html]
[roadsunwound.com/2012/03/01/photo-of-the-day-mercado-la-democracia/dsc_0021/feed/index.html]
[roadsunwound.com/trip-photos/index9555.html]
[roadsunwound.com/wp-json/oembed/1.0/embed1576.json]
[roadsunwound.com/wp-json/oembed/1.0/embed7094]
[roadsunwound.com/wp-content/uploads/2011/01/Sola-Announcement.jpg]
[roadsunwound.com/wp-content/uploads/2011/01/Sola-Announcement-369x500.jpg]
[roadsunwound.com/2011/01/18/sola-photography-exhibit/sola-announcement/index.html]
[roadsunwound.com/2011/01/18/sola-photography-exhibit/sola-announcement/feed/index.html]
[roadsunwound.com/about/img_2004/trackback/index.html]
[roadsunwound.com/wp-json/oembed/1.0/embedd13b.json]
[roadsunwound.com/wp-json/oembed/1.0/embed438d]
[roadsunwound.com/wp-content/uploads/2010/07/Send-off-party-announcement-copy.jpg]
[roadsunwound.com/2010/07/07/bid-me-farewell/send-off-party-announcement-copy/index.html]
[roadsunwound.com/2010/07/07/bid-me-farewell/send-off-party-announcement-copy/feed/index.html]
[roadsunwound.com/wp-json/oembed/1.0/embed3d70.json]
[roadsunwound.com/wp-json/oembed/1.0/embedc279]
[roadsunwound.com/wp-content/uploads/2010/06/DSC_0164-copy.jpg]
[roadsunwound.com/2010/06/27/my-trusty-steed/dsc_0164-copy/index.html]
[roadsunwound.com/2010/06/27/my-trusty-steed/dsc_0164-copy/feed/index.html]
[roadsunwound.com/2012/04/18/a-return-to-the-road/img_2046/trackback/index.html]
[roadsunwound.com/2012/04/18/a-return-to-the-road/img_2037/trackback/index.html]
[roadsunwound.com/2012/04/18/a-return-to-the-road/img_2043/trackback/index.html]
[roadsunwound.com/2012/04/18/a-return-to-the-road/img_2053/trackback/index.html]
[roadsunwound.com/2012/04/28/a-nicaraguan-sunset/img_2153/trackback/index.html]
[roadsunwound.com/2012/03/04/photo-of-the-day-xelaju-soccer-match/img_1760/trackback/index.html]
[roadsunwound.com/2012/03/01/photo-of-the-day-mercado-la-democracia/dsc_0021/trackback/index.html]
[roadsunwound.com/2011/01/18/sola-photography-exhibit/sola-announcement/trackback/index.html]
[roadsunwound.com/2010/07/07/bid-me-farewell/send-off-party-announcement-copy/trackback/index.html]
[roadsunwound.com/2010/06/27/my-trusty-steed/dsc_0164-copy/trackback/index.html]
